<?xml version="1.0" encoding="utf-8" ?>
<result>
	<website>Piwik test</website>
	<prettyDate>3 Jan 10 - 9 Jan 10</prettyDate>
	<metadata>
		<category>Visitors</category>
		<name>Visits by days since last visit</name>
		<module>VisitorInterest</module>
		<action>getNumberOfVisitsByDaysSinceLast</action>
		<dimension>Visits by days since last visit</dimension>
		<metrics>
			<nb_visits>Visits</nb_visits>

		</metrics>
		<constantRowsCount>1</constantRowsCount>
		<documentation>In this report, you can see how many visits were from visitors whose last visit was a certain number of days ago.</documentation>
		<metricsDocumentation>
			<nb_visits>If a visitor comes to your website for the first time or if he visits a page more than 30 minutes after his last page view, this will be recorded as a new visit.</nb_visits>
			<nb_uniq_visitors>The number of unduplicated visitors coming to your website. Every user is only counted once, even if he visits the website multiple times a day.</nb_uniq_visitors>
			<nb_actions>The number of actions performed by your visitors. Actions can be page views, downloads or outlinks.</nb_actions>
			<nb_actions_per_visit>The average number of actions (page views, downloads or outlinks) that were performed during the visits.</nb_actions_per_visit>
			<avg_time_on_site>The average duration of a visit.</avg_time_on_site>
			<bounce_rate>The percentage of visits that only had a single pageview. This means, that the visitor left the website directly from the entrance page.</bounce_rate>
			<conversion_rate>The percentage of visits that triggered a goal conversion.</conversion_rate>
			<avg_time_on_page>The average amount of time visitors spent on this page (only the page, not the entire website).</avg_time_on_page>
			<nb_hits>The number of times this page was visited.</nb_hits>
			<exit_rate>The percentage of visits that left the website after viewing this page.</exit_rate>

		</metricsDocumentation>
		<imageGraphUrl>index.php?module=API&amp;method=ImageGraph.get&amp;idSite=1&amp;apiModule=VisitorInterest&amp;apiAction=getNumberOfVisitsByDaysSinceLast&amp;graphType=verticalBar&amp;period=range&amp;date=2010-01-03,2010-01-09</imageGraphUrl>
		<uniqueId>VisitorInterest_getNumberOfVisitsByDaysSinceLast</uniqueId>

	</metadata>
	<columns>
		<label>Visits by days since last visit</label>
		<nb_visits>Visits</nb_visits>

	</columns>
	<reportData>
		<result prettyDate="Sunday 3 January 2010">
			<row>
				<label>New visits</label>
				<nb_visits>1</nb_visits>
			</row>
			<row>
				<label>0 days</label>
				<nb_visits>0</nb_visits>
			</row>
			<row>
				<label>1 day</label>
				<nb_visits>0</nb_visits>
			</row>
			<row>
				<label>2 days</label>
				<nb_visits>0</nb_visits>
			</row>
			<row>
				<label>3 days</label>
				<nb_visits>0</nb_visits>
			</row>
			<row>
				<label>4 days</label>
				<nb_visits>0</nb_visits>
			</row>
			<row>
				<label>5 days</label>
				<nb_visits>0</nb_visits>
			</row>
			<row>
				<label>6 days</label>
				<nb_visits>0</nb_visits>
			</row>
			<row>
				<label>7 days</label>
				<nb_visits>0</nb_visits>
			</row>
			<row>
				<label>8-14 days</label>
				<nb_visits>0</nb_visits>
			</row>
			<row>
				<label>15-30 days</label>
				<nb_visits>0</nb_visits>
			</row>
			<row>
				<label>31-60 days</label>
				<nb_visits>0</nb_visits>
			</row>
			<row>
				<label>61-120 days</label>
				<nb_visits>0</nb_visits>
			</row>
			<row>
				<label>121-364 days</label>
				<nb_visits>0</nb_visits>
			</row>
			<row>
				<label>365+ days</label>
				<nb_visits>0</nb_visits>
			</row>
		</result>
		<result prettyDate="Monday 4 January 2010">
			<row>
				<label>New visits</label>
				<nb_visits>1</nb_visits>
			</row>
			<row>
				<label>0 days</label>
				<nb_visits>0</nb_visits>
			</row>
			<row>
				<label>1 day</label>
				<nb_visits>0</nb_visits>
			</row>
			<row>
				<label>2 days</label>
				<nb_visits>0</nb_visits>
			</row>
			<row>
				<label>3 days</label>
				<nb_visits>0</nb_visits>
			</row>
			<row>
				<label>4 days</label>
				<nb_visits>0</nb_visits>
			</row>
			<row>
				<label>5 days</label>
				<nb_visits>0</nb_visits>
			</row>
			<row>
				<label>6 days</label>
				<nb_visits>0</nb_visits>
			</row>
			<row>
				<label>7 days</label>
				<nb_visits>0</nb_visits>
			</row>
			<row>
				<label>8-14 days</label>
				<nb_visits>0</nb_visits>
			</row>
			<row>
				<label>15-30 days</label>
				<nb_visits>0</nb_visits>
			</row>
			<row>
				<label>31-60 days</label>
				<nb_visits>0</nb_visits>
			</row>
			<row>
				<label>61-120 days</label>
				<nb_visits>0</nb_visits>
			</row>
			<row>
				<label>121-364 days</label>
				<nb_visits>0</nb_visits>
			</row>
			<row>
				<label>365+ days</label>
				<nb_visits>0</nb_visits>
			</row>
		</result>
		<result prettyDate="Tuesday 5 January 2010">
			<row>
				<label>New visits</label>
				<nb_visits>0</nb_visits>
			</row>
			<row>
				<label>0 days</label>
				<nb_visits>0</nb_visits>
			</row>
			<row>
				<label>1 day</label>
				<nb_visits>0</nb_visits>
			</row>
			<row>
				<label>2 days</label>
				<nb_visits>1</nb_visits>
			</row>
			<row>
				<label>3 days</label>
				<nb_visits>0</nb_visits>
			</row>
			<row>
				<label>4 days</label>
				<nb_visits>0</nb_visits>
			</row>
			<row>
				<label>5 days</label>
				<nb_visits>0</nb_visits>
			</row>
			<row>
				<label>6 days</label>
				<nb_visits>0</nb_visits>
			</row>
			<row>
				<label>7 days</label>
				<nb_visits>0</nb_visits>
			</row>
			<row>
				<label>8-14 days</label>
				<nb_visits>0</nb_visits>
			</row>
			<row>
				<label>15-30 days</label>
				<nb_visits>0</nb_visits>
			</row>
			<row>
				<label>31-60 days</label>
				<nb_visits>0</nb_visits>
			</row>
			<row>
				<label>61-120 days</label>
				<nb_visits>0</nb_visits>
			</row>
			<row>
				<label>121-364 days</label>
				<nb_visits>0</nb_visits>
			</row>
			<row>
				<label>365+ days</label>
				<nb_visits>0</nb_visits>
			</row>
		</result>
		<result prettyDate="Wednesday 6 January 2010" />
		<result prettyDate="Thursday 7 January 2010" />
		<result prettyDate="Friday 8 January 2010" />
		<result prettyDate="Saturday 9 January 2010" />
	</reportData>
	<reportMetadata>
		<result prettyDate="Sunday 3 January 2010" />
		<result prettyDate="Monday 4 January 2010" />
		<result prettyDate="Tuesday 5 January 2010" />
		<result prettyDate="Wednesday 6 January 2010" />
		<result prettyDate="Thursday 7 January 2010" />
		<result prettyDate="Friday 8 January 2010" />
		<result prettyDate="Saturday 9 January 2010" />
	</reportMetadata>

</result>