<?xml version="1.0" encoding="utf-8" ?>
<result>
	<row>
		<idSite>1</idSite>
		<idVisit>2</idVisit>
		<visitIp>156.5.3.2</visitIp>
		
		<visitorType>returning</visitorType>
		<visitorTypeIcon>plugins/Live/templates/images/returningVisitor.gif</visitorTypeIcon>
		<visitConverted>1</visitConverted>
		<visitConvertedIcon>themes/default/images/goal.png</visitConvertedIcon>
		<visitEcommerceStatus>none</visitEcommerceStatus>
		<visitEcommerceStatusIcon />
		<actions>1</actions>
		<actionDetails>
			<row>
				<type>goal</type>
				<goalName>matching purchase.htm</goalName>
				<revenue>1</revenue>
				<goalPageId>6</goalPageId>
				
				<url>http://example.org/store/purchase.htm</url>
				<icon>themes/default/images/goal.png</icon>
			</row>
			<row>
				<type>action</type>
				<url>http://example.org/store/purchase.htm</url>
				<pageTitle>Checkout/Purchasing...</pageTitle>
				<pageIdAction>9</pageIdAction>
				<pageId>6</pageId>
				
				<icon />
			</row>
		</actionDetails>
		<customVariables>
		</customVariables>
		<goalConversions>1</goalConversions>
		<siteCurrency>USD</siteCurrency>
		<siteCurrencySymbol>$</siteCurrencySymbol>
		
		<visitLocalTime>12:34:06</visitLocalTime>
		
		
		
		<visitDuration>0</visitDuration>
		<visitDurationPretty>0s</visitDurationPretty>
		<visitCount>1</visitCount>
		<daysSinceLastVisit>0</daysSinceLastVisit>
		<daysSinceFirstVisit>0</daysSinceFirstVisit>
		<daysSinceLastEcommerceOrder>0</daysSinceLastEcommerceOrder>
		<country>France</country>
		<countryFlag>plugins/UserCountry/flags/fr.png</countryFlag>
		<continent>Europe</continent>
		<provider>Unknown</provider>
		<providerUrl>http://piwik.org/faq/general/#faq_52</providerUrl>
		<referrerType>search</referrerType>
		<referrerTypeName>Search Engines</referrerTypeName>
		<referrerName>Yahoo!</referrerName>
		<referrerKeyword>purchase</referrerKeyword>
		<referrerKeywordPosition />
		<referrerUrl>http://search.yahoo.com/search?p=purchase</referrerUrl>
		<referrerSearchEngineUrl>http://search.yahoo.com</referrerSearchEngineUrl>
		<referrerSearchEngineIcon>plugins/Referers/images/searchEngines/search.yahoo.com.png</referrerSearchEngineIcon>
		<operatingSystem>Windows XP</operatingSystem>
		<operatingSystemShortName>Win XP</operatingSystemShortName>
		<operatingSystemIcon>plugins/UserSettings/images/os/WXP.gif</operatingSystemIcon>
		<browserFamily>gecko</browserFamily>
		<browserFamilyDescription>Gecko (Firefox)</browserFamilyDescription>
		<browserName>Firefox 3.6</browserName>
		<browserIcon>plugins/UserSettings/images/browsers/FF.gif</browserIcon>
		<screenType>normal</screenType>
		<resolution>1024x768</resolution>
		<screenTypeIcon>plugins/UserSettings/images/screens/normal.gif</screenTypeIcon>
		<plugins>flash, java</plugins>
		<pluginsIcons>
			<row>
				<pluginIcon>plugins/UserSettings/images/plugins/flash.gif</pluginIcon>
				<pluginName>flash</pluginName>
			</row>
			<row>
				<pluginIcon>plugins/UserSettings/images/plugins/java.gif</pluginIcon>
				<pluginName>java</pluginName>
			</row>
		</pluginsIcons>
		
		
		
		
		
	</row>
	<row>
		<idSite>1</idSite>
		<idVisit>1</idVisit>
		<visitIp>156.5.3.2</visitIp>
		
		<visitorType>new</visitorType>
		<visitorTypeIcon />
		<visitConverted>1</visitConverted>
		<visitConvertedIcon>themes/default/images/goal.png</visitConvertedIcon>
		<visitEcommerceStatus>none</visitEcommerceStatus>
		<visitEcommerceStatusIcon />
		<actions>5</actions>
		<actionDetails>
			<row>
				<type>action</type>
				<url>http://example.org/index.htm</url>
				<pageTitle>incredible title!</pageTitle>
				<pageIdAction>2</pageIdAction>
				<pageId>1</pageId>
				
				<icon />
			</row>
			<row>
				<type>action</type>
				<url>http://example.org/</url>
				<pageTitle>Second page view - should be registered as URL</pageTitle>
				<pageIdAction>4</pageIdAction>
				<pageId>2</pageId>
				
				<icon />
			</row>
			<row>
				<type>outlink</type>
				<url>http://dev.piwik.org/svn</url>
				<pageTitle />
				<pageIdAction>5</pageIdAction>
				<pageId>3</pageId>
				
				<icon>themes/default/images/link.gif</icon>
			</row>
			<row>
				<type>download</type>
				<url>http://piwik.org/path/again/latest.zip</url>
				<pageTitle />
				<pageIdAction>6</pageIdAction>
				<pageId>4</pageId>
				
				<icon>themes/default/images/download.png</icon>
			</row>
			<row>
				<type>goal</type>
				<goalName>triggered js</goalName>
				<revenue>0</revenue>
				<goalPageId />
				
				<url>http://example.org/</url>
				<icon>themes/default/images/goal.png</icon>
			</row>
			<row>
				<type>action</type>
				<url>http://example.org/index.htm</url>
				<pageTitle>Looking at homepage (again)...</pageTitle>
				<pageIdAction>2</pageIdAction>
				<pageId>5</pageId>
				
				<icon />
			</row>
		</actionDetails>
		<customVariables>
		</customVariables>
		<goalConversions>1</goalConversions>
		<siteCurrency>USD</siteCurrency>
		<siteCurrencySymbol>$</siteCurrencySymbol>
		
		<visitLocalTime>12:34:06</visitLocalTime>
		
		
		
		<visitDuration>1620</visitDuration>
		<visitDurationPretty>27 min 0s</visitDurationPretty>
		<visitCount>1</visitCount>
		<daysSinceLastVisit>0</daysSinceLastVisit>
		<daysSinceFirstVisit>0</daysSinceFirstVisit>
		<daysSinceLastEcommerceOrder>0</daysSinceLastEcommerceOrder>
		<country>France</country>
		<countryFlag>plugins/UserCountry/flags/fr.png</countryFlag>
		<continent>Europe</continent>
		<provider>Unknown</provider>
		<providerUrl>http://piwik.org/faq/general/#faq_52</providerUrl>
		<referrerType>website</referrerType>
		<referrerTypeName>Websites</referrerTypeName>
		<referrerName>referer.com</referrerName>
		<referrerKeyword />
		<referrerKeywordPosition />
		<referrerUrl>http://referer.com/page.htm?param=valuewith some spaces</referrerUrl>
		<referrerSearchEngineUrl />
		<referrerSearchEngineIcon />
		<operatingSystem>Windows XP</operatingSystem>
		<operatingSystemShortName>Win XP</operatingSystemShortName>
		<operatingSystemIcon>plugins/UserSettings/images/os/WXP.gif</operatingSystemIcon>
		<browserFamily>gecko</browserFamily>
		<browserFamilyDescription>Gecko (Firefox)</browserFamilyDescription>
		<browserName>Firefox 3.6</browserName>
		<browserIcon>plugins/UserSettings/images/browsers/FF.gif</browserIcon>
		<screenType>normal</screenType>
		<resolution>1024x768</resolution>
		<screenTypeIcon>plugins/UserSettings/images/screens/normal.gif</screenTypeIcon>
		<plugins>flash, java</plugins>
		<pluginsIcons>
			<row>
				<pluginIcon>plugins/UserSettings/images/plugins/flash.gif</pluginIcon>
				<pluginName>flash</pluginName>
			</row>
			<row>
				<pluginIcon>plugins/UserSettings/images/plugins/java.gif</pluginIcon>
				<pluginName>java</pluginName>
			</row>
		</pluginsIcons>
		
		
		
		
		
	</row>
</result>