<?xml version="1.0" encoding="utf-8" ?>
<results>
	<result idSite="1">
		<result date="2010-01">
			<max_actions_returning>4</max_actions_returning>
			<nb_actions_returning>4</nb_actions_returning>
			<nb_visits_returning>1</nb_visits_returning>
			<sum_visit_length_returning>900</sum_visit_length_returning>
			<bounce_rate_returning>0%</bounce_rate_returning>
			<nb_actions_per_visit_returning>4</nb_actions_per_visit_returning>
			<avg_time_on_site_returning>900</avg_time_on_site_returning>
		</result>
		<result date="2010-02" />
		<result date="2010-03" />
		<result date="2010-04" />
		<result date="2010-05" />
		<result date="2010-06" />
		<result date="2010-07" />
	</result>
	<result idSite="2">
		<result date="2010-01" />
		<result date="2010-02" />
		<result date="2010-03" />
		<result date="2010-04" />
		<result date="2010-05" />
		<result date="2010-06" />
		<result date="2010-07" />
	</result>
</results>