<div class="sparkline"><img class="sparkline" alt="" src="?viewDataTable=sparkline&action=getEvolutionGraph&module=VisitFrequency&columns=nb_visits_returning&date=2009-12-05,2010-01-03" width="100" height="25" />
<strong>0</strong> returning visits</div>
<div class="sparkline"><img class="sparkline" alt="" src="?viewDataTable=sparkline&action=getEvolutionGraph&module=VisitFrequency&columns=nb_actions_returning&date=2009-12-05,2010-01-03" width="100" height="25" />
<strong>0</strong> actions by the returning visits</div>
<div class="sparkline"><img class="sparkline" alt="" src="?viewDataTable=sparkline&action=getEvolutionGraph&module=VisitFrequency&columns=nb_actions_per_visit_returning&date=2009-12-05,2010-01-03" width="100" height="25" />
<strong>0</strong> actions per returning visit</div>
<div class="sparkline"><img class="sparkline" alt="" src="?viewDataTable=sparkline&action=getEvolutionGraph&module=VisitFrequency&columns=avg_time_on_site_returning&date=2009-12-05,2010-01-03" width="100" height="25" />
<strong>0s</strong> average visit duration for returning visitors</div>
<div class="sparkline"><img class="sparkline" alt="" src="?viewDataTable=sparkline&action=getEvolutionGraph&module=VisitFrequency&columns=bounce_rate_returning&date=2009-12-05,2010-01-03" width="100" height="25" />
<strong>0%</strong> returning visits have bounced (left the website after one page) </div>
<script type="text/javascript">
	$(document).ready(function() {
		initializeSparklines();
	});
</script>