<?xml version="1.0" encoding="utf-8" ?>
<result>
	<row>
		<label>referer.com</label>
		<nb_uniq_visitors>1</nb_uniq_visitors>
		<nb_visits>1</nb_visits>
		<nb_actions>4</nb_actions>
		<max_actions>4</max_actions>
		<sum_visit_length>1440</sum_visit_length>
		<bounce_count>0</bounce_count>
		<nb_visits_converted>1</nb_visits_converted>
		<idsubdatatable>79</idsubdatatable>
		<subtable>
			<row>
				<label>http://referer.com/page.htm?param=valuewith some spaces</label>
				<nb_uniq_visitors>1</nb_uniq_visitors>
				<nb_visits>1</nb_visits>
				<nb_actions>4</nb_actions>
				<max_actions>4</max_actions>
				<sum_visit_length>1440</sum_visit_length>
				<bounce_count>0</bounce_count>
				<nb_visits_converted>1</nb_visits_converted>
			</row>
		</subtable>
	</row>
</result>