<?xml version="1.0" encoding="utf-8" ?>
<results>
	<result idSite="1">
		<result date="2010">
			<row>
				<label> first page view</label>
				<nb_visits>2</nb_visits>
				<nb_hits>2</nb_hits>
				<sum_daily_nb_uniq_visitors>2</sum_daily_nb_uniq_visitors>
			</row>
			<row>
				<label>second visitor</label>
				<nb_visits>2</nb_visits>
				<nb_hits>2</nb_hits>
				<subtable>
					<row>
						<label>two days later</label>
						<nb_visits>2</nb_visits>
						<nb_hits>2</nb_hits>
						<subtable>
							<row>
								<label> second page view</label>
								<nb_visits>1</nb_visits>
								<nb_hits>1</nb_hits>
								<sum_daily_nb_uniq_visitors>1</sum_daily_nb_uniq_visitors>
							</row>
							<row>
								<label> a new visit</label>
								<nb_visits>1</nb_visits>
								<nb_hits>1</nb_hits>
								<sum_daily_nb_uniq_visitors>1</sum_daily_nb_uniq_visitors>
							</row>
						</subtable>
					</row>
				</subtable>
			</row>
			<row>
				<label>first visitor</label>
				<nb_visits>1</nb_visits>
				<nb_hits>1</nb_hits>
				<subtable>
					<row>
						<label> second page view</label>
						<nb_visits>1</nb_visits>
						<nb_hits>1</nb_hits>
						<sum_daily_nb_uniq_visitors>1</sum_daily_nb_uniq_visitors>
					</row>
				</subtable>
			</row>
		</result>
		<result date="2011" />
		<result date="2012" />
		<result date="2013" />
		<result date="2014" />
		<result date="2015" />
		<result date="2016" />
	</result>
	<result idSite="2">
		<result date="2010">
			<row>
				<label> Website 2 page view</label>
				<nb_visits>1</nb_visits>
				<nb_hits>1</nb_hits>
				<sum_daily_nb_uniq_visitors>1</sum_daily_nb_uniq_visitors>
			</row>
		</result>
		<result date="2011" />
		<result date="2012" />
		<result date="2013" />
		<result date="2014" />
		<result date="2015" />
		<result date="2016" />
	</result>
</results>