<?xml version="1.0" encoding="utf-8" ?>
<result>
	<row>
		<label>0h</label>
		<nb_uniq_visitors>1</nb_uniq_visitors>
		<nb_visits>1</nb_visits>
		<nb_actions>4</nb_actions>
		<max_actions>4</max_actions>
		<sum_visit_length>721</sum_visit_length>
		<bounce_count>0</bounce_count>
		<goals>
			<row idgoal='1'>
				<nb_conversions>1</nb_conversions>
				<nb_visits_converted>1</nb_visits_converted>
				<revenue>10</revenue>
			</row>
		</goals>
		<nb_conversions>1</nb_conversions>
		<revenue>10</revenue>
	</row>
	<row>
		<label>1h</label>
		<nb_uniq_visitors>0</nb_uniq_visitors>
		<nb_visits>0</nb_visits>
		<nb_actions>0</nb_actions>
		<max_actions>0</max_actions>
		<sum_visit_length>0</sum_visit_length>
		<bounce_count>0</bounce_count>
		<nb_visits_converted>0</nb_visits_converted>
	</row>
	<row>
		<label>2h</label>
		<nb_uniq_visitors>1</nb_uniq_visitors>
		<nb_visits>1</nb_visits>
		<nb_actions>6</nb_actions>
		<max_actions>6</max_actions>
		<sum_visit_length>3961</sum_visit_length>
		<bounce_count>0</bounce_count>
		<goals>
			<row idgoal='ecommerceAbandonedCart'>
				<nb_conversions>1</nb_conversions>
				<nb_visits_converted>1</nb_visits_converted>
				<revenue>2510.11</revenue>
				<items>4</items>
			</row>
			<row idgoal='ecommerceOrder'>
				<nb_conversions>2</nb_conversions>
				<nb_visits_converted>1</nb_visits_converted>
				<revenue>3111.11</revenue>
				<revenue_subtotal>2500</revenue_subtotal>
				<revenue_tax>511</revenue_tax>
				<revenue_shipping>100.11</revenue_shipping>
				<revenue_discount>666</revenue_discount>
				<items>10</items>
			</row>
		</goals>
		<nb_conversions>2</nb_conversions>
		<revenue>3111.11</revenue>
	</row>
	<row>
		<label>3h</label>
		<nb_uniq_visitors>0</nb_uniq_visitors>
		<nb_visits>0</nb_visits>
		<nb_actions>0</nb_actions>
		<max_actions>0</max_actions>
		<sum_visit_length>0</sum_visit_length>
		<bounce_count>0</bounce_count>
		<nb_visits_converted>0</nb_visits_converted>
	</row>
	<row>
		<label>4h</label>
		<nb_uniq_visitors>0</nb_uniq_visitors>
		<nb_visits>0</nb_visits>
		<nb_actions>0</nb_actions>
		<max_actions>0</max_actions>
		<sum_visit_length>0</sum_visit_length>
		<bounce_count>0</bounce_count>
		<nb_visits_converted>0</nb_visits_converted>
	</row>
	<row>
		<label>5h</label>
		<nb_uniq_visitors>0</nb_uniq_visitors>
		<nb_visits>0</nb_visits>
		<nb_actions>0</nb_actions>
		<max_actions>0</max_actions>
		<sum_visit_length>0</sum_visit_length>
		<bounce_count>0</bounce_count>
		<nb_visits_converted>0</nb_visits_converted>
	</row>
	<row>
		<label>6h</label>
		<nb_uniq_visitors>0</nb_uniq_visitors>
		<nb_visits>0</nb_visits>
		<nb_actions>0</nb_actions>
		<max_actions>0</max_actions>
		<sum_visit_length>0</sum_visit_length>
		<bounce_count>0</bounce_count>
		<nb_visits_converted>0</nb_visits_converted>
	</row>
	<row>
		<label>7h</label>
		<nb_uniq_visitors>1</nb_uniq_visitors>
		<nb_visits>1</nb_visits>
		<nb_actions>3</nb_actions>
		<max_actions>3</max_actions>
		<sum_visit_length>721</sum_visit_length>
		<bounce_count>0</bounce_count>
		<goals>
			<row idgoal='ecommerceAbandonedCart'>
				<nb_conversions>1</nb_conversions>
				<nb_visits_converted>1</nb_visits_converted>
				<revenue>2510.11</revenue>
				<items>4</items>
			</row>
		</goals>
		<nb_conversions>0</nb_conversions>
		<revenue>0</revenue>
	</row>
	<row>
		<label>8h</label>
		<nb_uniq_visitors>0</nb_uniq_visitors>
		<nb_visits>0</nb_visits>
		<nb_actions>0</nb_actions>
		<max_actions>0</max_actions>
		<sum_visit_length>0</sum_visit_length>
		<bounce_count>0</bounce_count>
		<nb_visits_converted>0</nb_visits_converted>
	</row>
	<row>
		<label>9h</label>
		<nb_uniq_visitors>0</nb_uniq_visitors>
		<nb_visits>0</nb_visits>
		<nb_actions>0</nb_actions>
		<max_actions>0</max_actions>
		<sum_visit_length>0</sum_visit_length>
		<bounce_count>0</bounce_count>
		<nb_visits_converted>0</nb_visits_converted>
	</row>
	<row>
		<label>10h</label>
		<nb_uniq_visitors>0</nb_uniq_visitors>
		<nb_visits>0</nb_visits>
		<nb_actions>0</nb_actions>
		<max_actions>0</max_actions>
		<sum_visit_length>0</sum_visit_length>
		<bounce_count>0</bounce_count>
		<nb_visits_converted>0</nb_visits_converted>
	</row>
	<row>
		<label>11h</label>
		<nb_uniq_visitors>0</nb_uniq_visitors>
		<nb_visits>0</nb_visits>
		<nb_actions>0</nb_actions>
		<max_actions>0</max_actions>
		<sum_visit_length>0</sum_visit_length>
		<bounce_count>0</bounce_count>
		<nb_visits_converted>0</nb_visits_converted>
	</row>
	<row>
		<label>12h</label>
		<nb_uniq_visitors>0</nb_uniq_visitors>
		<nb_visits>0</nb_visits>
		<nb_actions>0</nb_actions>
		<max_actions>0</max_actions>
		<sum_visit_length>0</sum_visit_length>
		<bounce_count>0</bounce_count>
		<nb_visits_converted>0</nb_visits_converted>
	</row>
	<row>
		<label>13h</label>
		<nb_uniq_visitors>0</nb_uniq_visitors>
		<nb_visits>0</nb_visits>
		<nb_actions>0</nb_actions>
		<max_actions>0</max_actions>
		<sum_visit_length>0</sum_visit_length>
		<bounce_count>0</bounce_count>
		<nb_visits_converted>0</nb_visits_converted>
	</row>
	<row>
		<label>14h</label>
		<nb_uniq_visitors>0</nb_uniq_visitors>
		<nb_visits>0</nb_visits>
		<nb_actions>0</nb_actions>
		<max_actions>0</max_actions>
		<sum_visit_length>0</sum_visit_length>
		<bounce_count>0</bounce_count>
		<nb_visits_converted>0</nb_visits_converted>
	</row>
	<row>
		<label>15h</label>
		<nb_uniq_visitors>0</nb_uniq_visitors>
		<nb_visits>0</nb_visits>
		<nb_actions>0</nb_actions>
		<max_actions>0</max_actions>
		<sum_visit_length>0</sum_visit_length>
		<bounce_count>0</bounce_count>
		<nb_visits_converted>0</nb_visits_converted>
	</row>
	<row>
		<label>16h</label>
		<nb_uniq_visitors>0</nb_uniq_visitors>
		<nb_visits>0</nb_visits>
		<nb_actions>0</nb_actions>
		<max_actions>0</max_actions>
		<sum_visit_length>0</sum_visit_length>
		<bounce_count>0</bounce_count>
		<nb_visits_converted>0</nb_visits_converted>
	</row>
	<row>
		<label>17h</label>
		<nb_uniq_visitors>0</nb_uniq_visitors>
		<nb_visits>0</nb_visits>
		<nb_actions>0</nb_actions>
		<max_actions>0</max_actions>
		<sum_visit_length>0</sum_visit_length>
		<bounce_count>0</bounce_count>
		<nb_visits_converted>0</nb_visits_converted>
	</row>
	<row>
		<label>18h</label>
		<nb_uniq_visitors>0</nb_uniq_visitors>
		<nb_visits>0</nb_visits>
		<nb_actions>0</nb_actions>
		<max_actions>0</max_actions>
		<sum_visit_length>0</sum_visit_length>
		<bounce_count>0</bounce_count>
		<nb_visits_converted>0</nb_visits_converted>
	</row>
	<row>
		<label>19h</label>
		<nb_uniq_visitors>0</nb_uniq_visitors>
		<nb_visits>0</nb_visits>
		<nb_actions>0</nb_actions>
		<max_actions>0</max_actions>
		<sum_visit_length>0</sum_visit_length>
		<bounce_count>0</bounce_count>
		<nb_visits_converted>0</nb_visits_converted>
	</row>
	<row>
		<label>20h</label>
		<nb_uniq_visitors>0</nb_uniq_visitors>
		<nb_visits>0</nb_visits>
		<nb_actions>0</nb_actions>
		<max_actions>0</max_actions>
		<sum_visit_length>0</sum_visit_length>
		<bounce_count>0</bounce_count>
		<nb_visits_converted>0</nb_visits_converted>
	</row>
	<row>
		<label>21h</label>
		<nb_uniq_visitors>0</nb_uniq_visitors>
		<nb_visits>0</nb_visits>
		<nb_actions>0</nb_actions>
		<max_actions>0</max_actions>
		<sum_visit_length>0</sum_visit_length>
		<bounce_count>0</bounce_count>
		<nb_visits_converted>0</nb_visits_converted>
	</row>
	<row>
		<label>22h</label>
		<nb_uniq_visitors>0</nb_uniq_visitors>
		<nb_visits>0</nb_visits>
		<nb_actions>0</nb_actions>
		<max_actions>0</max_actions>
		<sum_visit_length>0</sum_visit_length>
		<bounce_count>0</bounce_count>
		<nb_visits_converted>0</nb_visits_converted>
	</row>
	<row>
		<label>23h</label>
		<nb_uniq_visitors>0</nb_uniq_visitors>
		<nb_visits>0</nb_visits>
		<nb_actions>0</nb_actions>
		<max_actions>0</max_actions>
		<sum_visit_length>0</sum_visit_length>
		<bounce_count>0</bounce_count>
		<nb_visits_converted>0</nb_visits_converted>
	</row>
</result>