<?xml version="1.0" encoding="utf-8" ?>
<result>
	<row>
		<nb_visits_1>0</nb_visits_1>
		<nb_visits_2>0</nb_visits_2>
		<nb_visits_3>0</nb_visits_3>
		<nb_visits_6>0</nb_visits_6>
	</row>
</result>