<link rel="stylesheet" type="text/css" href="plugins/Goals/templates/goals.css?cb=d269fbd1ca401f064e0d1a07049472c3" />
<a name="evolutionGraph" graphId="GoalsgetEvolutionGraph"></a>
<div id="GoalsgetEvolutionGraph">
<div class="reportDocumentation"><p>This is an overview of your goal conversions. Initially, the graph shows the sum of all conversions. <br /> Below the graph, you can see conversion reports for each of your goals. The sparklines can be enlarged by clicking on them.</p></div>
<div class="dataTableGraphEvolutionWrapper">
<div class="jqplot-evolution" style="padding-left: 6px;">
<div id="GoalsgetEvolutionGraphChart" class="piwik-graph" style="position: relative; width: 100%; height: 170px;"></div>
</div>
<script type="text/javascript">
			  window.setTimeout(function() {  
				var plot = new JQPlot({"params":{"axes":{"xaxis":{"ticks":["Sat 5 Dec"," "," "," "," "," "," ","Sat 12 Dec"," "," "," "," "," "," ","Sat 19 Dec"," "," "," "," "," "," ","Sat 26 Dec"," "," "," "," "," "," ","Sat 2 Jan"," "],"onclick":["index.php?module=CoreHome&action=index&idSite=1&period=day&date=2009-12-05","index.php?module=CoreHome&action=index&idSite=1&period=day&date=2009-12-06","index.php?module=CoreHome&action=index&idSite=1&period=day&date=2009-12-07","index.php?module=CoreHome&action=index&idSite=1&period=day&date=2009-12-08","index.php?module=CoreHome&action=index&idSite=1&period=day&date=2009-12-09","index.php?module=CoreHome&action=index&idSite=1&period=day&date=2009-12-10","index.php?module=CoreHome&action=index&idSite=1&period=day&date=2009-12-11","index.php?module=CoreHome&action=index&idSite=1&period=day&date=2009-12-12","index.php?module=CoreHome&action=index&idSite=1&period=day&date=2009-12-13","index.php?module=CoreHome&action=index&idSite=1&period=day&date=2009-12-14","index.php?module=CoreHome&action=index&idSite=1&period=day&date=2009-12-15","index.php?module=CoreHome&action=index&idSite=1&period=day&date=2009-12-16","index.php?module=CoreHome&action=index&idSite=1&period=day&date=2009-12-17","index.php?module=CoreHome&action=index&idSite=1&period=day&date=2009-12-18","index.php?module=CoreHome&action=index&idSite=1&period=day&date=2009-12-19","index.php?module=CoreHome&action=index&idSite=1&period=day&date=2009-12-20","index.php?module=CoreHome&action=index&idSite=1&period=day&date=2009-12-21","index.php?module=CoreHome&action=index&idSite=1&period=day&date=2009-12-22","index.php?module=CoreHome&action=index&idSite=1&period=day&date=2009-12-23","index.php?module=CoreHome&action=index&idSite=1&period=day&date=2009-12-24","index.php?module=CoreHome&action=index&idSite=1&period=day&date=2009-12-25","index.php?module=CoreHome&action=index&idSite=1&period=day&date=2009-12-26","index.php?module=CoreHome&action=index&idSite=1&period=day&date=2009-12-27","index.php?module=CoreHome&action=index&idSite=1&period=day&date=2009-12-28","index.php?module=CoreHome&action=index&idSite=1&period=day&date=2009-12-29","index.php?module=CoreHome&action=index&idSite=1&period=day&date=2009-12-30","index.php?module=CoreHome&action=index&idSite=1&period=day&date=2009-12-31","index.php?module=CoreHome&action=index&idSite=1&period=day&date=2010-01-01","index.php?module=CoreHome&action=index&idSite=1&period=day&date=2010-01-02","index.php?module=CoreHome&action=index&idSite=1&period=day&date=2010-01-03"],"labels":["Sat 5 Dec","Sun 6 Dec","Mon 7 Dec","Tue 8 Dec","Wed 9 Dec","Thu 10 Dec","Fri 11 Dec","Sat 12 Dec","Sun 13 Dec","Mon 14 Dec","Tue 15 Dec","Wed 16 Dec","Thu 17 Dec","Fri 18 Dec","Sat 19 Dec","Sun 20 Dec","Mon 21 Dec","Tue 22 Dec","Wed 23 Dec","Thu 24 Dec","Fri 25 Dec","Sat 26 Dec","Sun 27 Dec","Mon 28 Dec","Tue 29 Dec","Wed 30 Dec","Thu 31 Dec","Fri 1 Jan","Sat 2 Jan","Sun 3 Jan"]},"yaxis":{"tickOptions":{"formatString":"%s"}}},"series":[{"label":"Conversions","internalLabel":"Conversions","yaxis":"yaxis"}],"seriesColors":["#5170AE","#F29007","#CC3399","#9933CC","#80a033","#246AD2","#FD16EA","#49C100"]},"data":[[0,0,0,0,0,0,0,0,0,0,0,0,0,0,0,0,0,0,0,0,0,0,0,0,0,0,0,0,0,2]],"tooltip":{"yUnits":[""]},"seriesPicker":{"selectableColumns":[{"column":"nb_conversions","translation":"Conversions","displayed":true},{"column":"conversion_rate","translation":"Conversion Rate","displayed":false},{"column":"revenue","translation":"Total Revenue","displayed":false},{"column":"items","translation":"Purchased Products","displayed":false},{"column":"avg_order_revenue","translation":"Average Order Value","displayed":false}],"multiSelect":true}}, 'GoalsgetEvolutionGraph');
				plot.render('evolution', 'GoalsgetEvolutionGraphChart',  { 
					noData: 'No data for this graph.',
					exportTitle: 'Export as Image',
					exportText: 'To save the image on your computer, right click on the image and select \"Save Image As...\"',
					metricsToPlot: 'Metrics to plot',
					metricToPlot: 'Metric to plot',
					recordsToPlot: 'Records to plot'
				 }); 
			  }, 5);  
		</script>
<div class="dataTableFeatures">
<span class="loadingPiwik" style='display:none'><img src="themes/default/images/loading-blue.gif" /> Loading data...</span>
<div class="dataTableFooterIcons">
<div class="dataTableFooterWrap" var="generateDataChartEvolution">
<img src="themes/default/images/data_table_footer_active_item.png" class="dataTableFooterActiveItem" />
<div class="tableIconsGroup">
<span class="tableAllColumnsSwitch">
</span>
</div>
<div class="tableIconsGroup">
<span class="tableGraphViews">
<a class="tableIcon" format="graphEvolution" var="generateDataChartEvolution"><img width="16" height="16" src="themes/default/images/chart_bar.png" title="Vertical bar graph" /></a>
</span>
</div>
<div class="tableIconsGroup">
<span class="exportToFormatIcons"><a class="tableIcon" var="export"><img width="16" height="16" src="themes/default/images/export.png" title="Export this dataset in other formats" /></a></span>
<span class="exportToFormatItems" style="display:none"> 
Export: 
<a target="_blank" methodToCall="Goals.get" format="CSV" filter_limit="100">CSV</a> | 
<a target="_blank" methodToCall="Goals.get" format="TSV" filter_limit="100">TSV (Excel)</a> | 
<a target="_blank" methodToCall="Goals.get" format="XML" filter_limit="100">XML</a> |
<a target="_blank" methodToCall="Goals.get" format="JSON" filter_limit="100">Json</a> |
<a target="_blank" methodToCall="Goals.get" format="PHP" filter_limit="100">Php</a>
| <a target="_blank" methodToCall="Goals.get" format="RSS" filter_limit="100" date="last10"><img border="0" src="themes/default/images/feed.png" /></a>
</span>
<span id="dataTableFooterExportAsImageIcon">
<a class="tableIcon" href="#" onclick="$('#GoalsgetEvolutionGraphChart').trigger('piwikExportAsImage'); return false;"><img title="Export as Image" src="themes/default/images/image.png" /></a>
</span>
</div>
</div>
</div>
</div>
<div class="dataTableSpacer"></div>		<script type="text/javascript" defer="defer">
$(document).ready(function(){ 
	dataTables['GoalsgetEvolutionGraph'] = new dataTable();
	dataTables['GoalsgetEvolutionGraph'].param = { 
			'viewDataTable': 'generateDataChartEvolution' ,			'module': 'Goals' ,			'action': 'getEvolutionGraph' ,			'date': '2009-12-05,2010-01-03' ,			'idGoal': '' ,			'columns': 'nb_conversions' ,			'filter_sort_order': 'desc' ,			'filter_offset': '0' ,			'period': 'day' ,			'idSite': '1' ,			'controllerActionCalledWhenRequestSubTable': '' 		};
	dataTables['GoalsgetEvolutionGraph'].init('GoalsgetEvolutionGraph');
});
</script>		
</div>
</div>
<div id='leftcolumn' style='width:33%'>
<div class="sparkline"><img class="sparkline" alt="" src="?viewDataTable=sparkline&action=getEvolutionGraph&module=Goals&columns=nb_conversions&date=2009-12-05,2010-01-03" width="100" height="25" />
<strong>2</strong> conversions
</div>
<div class="sparkline"><img class="sparkline" alt="" src="?viewDataTable=sparkline&action=getEvolutionGraph&module=Goals&columns=revenue&date=2009-12-05,2010-01-03" width="100" height="25" />
<strong>$&nbsp;10</strong> overall revenue
</div>
</div>
<div id='leftcolumn' style='width:33%'>
<div class="sparkline"><img class="sparkline" alt="" src="?viewDataTable=sparkline&action=getEvolutionGraph&module=Goals&columns=conversion_rate&date=2009-12-05,2010-01-03" width="100" height="25" />
<strong>100.0%</strong> overall conversion rate (visits with a completed goal)
</div>
</div>
<script type="text/javascript">
	$(document).ready(function() {
		initializeSparklines();
	});
</script>
<div class="goalEntry">
<h2>
<a href="javascript:broadcast.propagateAjax('module=Goals&action=goalReport&idGoal=1')">
Goal 'all'
</a>
</h2>
<div id='leftcolumn'>
<div class="sparkline"><img class="sparkline" alt="" src="?viewDataTable=sparkline&action=getEvolutionGraph&module=Goals&columns=nb_conversions&idGoal=1&date=2009-12-05,2010-01-03" width="100" height="25" />
<strong>2</strong> conversions
</div>
</div>
<div id='rightcolumn'>
<div class="sparkline"><img class="sparkline" alt="" src="?viewDataTable=sparkline&action=getEvolutionGraph&module=Goals&columns=conversion_rate&idGoal=1&date=2009-12-05,2010-01-03" width="100" height="25" />
<strong>200.0%</strong> conversion rate</div>
</div>
<br class="clear" />
</div>