<?xml version="1.0" encoding="utf-8" ?>
<results>
	<result date="From 2009-12-28 to 2010-01-03">
		<row>
			<label>Site 1</label>
			<revenue>10</revenue>
			<nb_actions>1</nb_actions>
			<nb_visits>1</nb_visits>
			<visits_evolution>100%</visits_evolution>
			<actions_evolution>100%</actions_evolution>
			<revenue_evolution>100%</revenue_evolution>
			<idsite>1</idsite>
		</row>
	</result>
	<result date="From 2010-01-04 to 2010-01-10">
		<row>
			<label>Site 1</label>
			<revenue>5</revenue>
			<nb_actions>7</nb_actions>
			<nb_visits>2</nb_visits>
			<visits_evolution>100%</visits_evolution>
			<actions_evolution>100%</actions_evolution>
			<revenue_evolution>100%</revenue_evolution>
			<idsite>1</idsite>
		</row>
		<row>
			<label>Site 2</label>
			<nb_actions>2</nb_actions>
			<nb_visits>1</nb_visits>
			<visits_evolution>100%</visits_evolution>
			<actions_evolution>100%</actions_evolution>
			<idsite>2</idsite>
		</row>
	</result>
	<result date="From 2010-01-11 to 2010-01-17" />
	<result date="From 2010-01-18 to 2010-01-24" />
	<result date="From 2010-01-25 to 2010-01-31" />
	<result date="From 2010-02-01 to 2010-02-07" />
	<result date="From 2010-02-08 to 2010-02-14" />
</results>