<?xml version="1.0" encoding="utf-8" ?>
<result>
	<row>
		<type>metric</type>
		<category>Visit</category>
		<name>Days since first visit</name>
		<segment>daysSinceFirstVisit</segment>
	</row>
	<row>
		<type>metric</type>
		<category>Visit</category>
		<name>Days since last Ecommerce order</name>
		<segment>daysSinceLastEcommerceOrder</segment>
	</row>
	<row>
		<type>metric</type>
		<category>Visit</category>
		<name>Days since last visit</name>
		<segment>daysSinceLastVisit</segment>
	</row>
	<row>
		<type>metric</type>
		<category>Visit</category>
		<name>Number of Actions</name>
		<segment>actions</segment>
	</row>
	<row>
		<type>metric</type>
		<category>Visit</category>
		<name>Number of visits</name>
		<segment>visitCount</segment>
	</row>
	<row>
		<type>metric</type>
		<category>Visit</category>
		<name>Visit Duration (in seconds)</name>
		<segment>visitDuration</segment>
	</row>
	<row>
		<type>metric</type>
		<category>Visit</category>
		<name>Visit converted at least one Goal</name>
		<segment>visitConverted</segment>
		<acceptedValues>0, 1</acceptedValues>
	</row>
	<row>
		<type>dimension</type>
		<category>Visit</category>
		<name>Browser</name>
		<segment>browserName</segment>
		<acceptedValues>FF, IE, CH, SF, OP, etc.</acceptedValues>
	</row>
	<row>
		<type>dimension</type>
		<category>Visit</category>
		<name>Browser version</name>
		<segment>browserVersion</segment>
		<acceptedValues>1.0, 8.0, etc.</acceptedValues>
	</row>
	<row>
		<type>dimension</type>
		<category>Visit</category>
		<name>Continent</name>
		<segment>continent</segment>
		<acceptedValues>eur, asi, amc, amn, ams, afr, ant, oce</acceptedValues>
	</row>
	<row>
		<type>dimension</type>
		<category>Visit</category>
		<name>Country</name>
		<segment>country</segment>
		<acceptedValues>de, us, fr, in, es, etc.</acceptedValues>
	</row>
	<row>
		<type>dimension</type>
		<category>Visit</category>
		<name>Local time</name>
		<segment>visitLocalHour</segment>
		<acceptedValues>0, 1, 2, 3, ..., 20, 21, 22, 23</acceptedValues>
	</row>
	<row>
		<type>dimension</type>
		<category>Visit</category>
		<name>Operating system</name>
		<segment>operatingSystem</segment>
		<acceptedValues>WXP, WI7, MAC, LIN, AND, IPD, etc.</acceptedValues>
	</row>
	<row>
		<type>dimension</type>
		<category>Visit</category>
		<name>Provider</name>
		<segment>provider</segment>
		<acceptedValues>comcast.net, proxad.net, etc.</acceptedValues>
	</row>
	<row>
		<type>dimension</type>
		<category>Visit</category>
		<name>Resolution</name>
		<segment>resolution</segment>
		<acceptedValues>1280x1024, 800x600, etc.</acceptedValues>
	</row>
	<row>
		<type>dimension</type>
		<category>Visit</category>
		<name>Server time</name>
		<segment>visitServerHour</segment>
		<acceptedValues>0, 1, 2, 3, ..., 20, 21, 22, 23</acceptedValues>
	</row>
	<row>
		<type>dimension</type>
		<category>Visit</category>
		<name>Visit Ecommerce status at the end of the visit. For example, to select all visits that have made an Ecommerce order, the API request would contain &quot;&amp;segment=visitEcommerceStatus==ordered,visitEcommerceStatus==orderedThenAbandonedCart&quot;</name>
		<segment>visitEcommerceStatus</segment>
		<acceptedValues>none, ordered, abandonedCart, orderedThenAbandonedCart</acceptedValues>
	</row>
	<row>
		<type>dimension</type>
		<category>Visit</category>
		<name>Visitor ID</name>
		<segment>visitorId</segment>
		<acceptedValues>34c31e04394bdc63 - any 16 chars ID requested via the Tracking API function getVisitorId()</acceptedValues>
	</row>
	<row>
		<type>dimension</type>
		<category>Visit</category>
		<name>Visitor IP</name>
		<segment>visitIp</segment>
		<acceptedValues>13.54.122.1, etc.</acceptedValues>
		<permission>1</permission>
	</row>
	<row>
		<type>dimension</type>
		<category>Visit</category>
		<name>Visitor type. For example, to select all visitors who have returned to the website, including those who have bought something in their previous visits, the API request would contain &quot;&amp;segment=visitorType==returning,visitorType==returningCustomer&quot;</name>
		<segment>visitorType</segment>
		<acceptedValues>new, returning, returningCustomer</acceptedValues>
	</row>
	<row>
		<type>dimension</type>
		<category>Referrers</category>
		<name>Keyword</name>
		<segment>referrerKeyword</segment>
		<acceptedValues>Encoded%20Keyword, keyword</acceptedValues>
	</row>
	<row>
		<type>dimension</type>
		<category>Referrers</category>
		<name>Referrer Name</name>
		<segment>referrerName</segment>
		<acceptedValues>twitter.com, www.facebook.com, Bing, Google, Yahoo, CampaignName</acceptedValues>
	</row>
	<row>
		<type>dimension</type>
		<category>Referrers</category>
		<name>Referrer Type</name>
		<segment>referrerType</segment>
		<acceptedValues>direct, search, website, campaign</acceptedValues>
	</row>
	<row>
		<type>dimension</type>
		<category>Referrers</category>
		<name>Referrer URL</name>
		<acceptedValues>http%3A%2F%2Fwww.example.org%2Freferer-page.htm</acceptedValues>
		<segment>referrerUrl</segment>
	</row>
	<row>
		<type>dimension</type>
		<category>Goals</category>
		<name>Goal conversion</name>
		<segment>goalConversion</segment>
	</row>
	<row>
		<type>dimension</type>
		<category>Custom Variables</category>
		<name>Custom Variable name (scope page) 1</name>
		<segment>customVariablePageName1</segment>
	</row>
	<row>
		<type>dimension</type>
		<category>Custom Variables</category>
		<name>Custom Variable name (scope page) 2</name>
		<segment>customVariablePageName2</segment>
	</row>
	<row>
		<type>dimension</type>
		<category>Custom Variables</category>
		<name>Custom Variable name (scope page) 3</name>
		<segment>customVariablePageName3</segment>
	</row>
	<row>
		<type>dimension</type>
		<category>Custom Variables</category>
		<name>Custom Variable name (scope page) 4</name>
		<segment>customVariablePageName4</segment>
	</row>
	<row>
		<type>dimension</type>
		<category>Custom Variables</category>
		<name>Custom Variable name (scope page) 5</name>
		<segment>customVariablePageName5</segment>
	</row>
	<row>
		<type>dimension</type>
		<category>Custom Variables</category>
		<name>Custom Variable name (scope visit) 1</name>
		<segment>customVariableName1</segment>
	</row>
	<row>
		<type>dimension</type>
		<category>Custom Variables</category>
		<name>Custom Variable name (scope visit) 2</name>
		<segment>customVariableName2</segment>
	</row>
	<row>
		<type>dimension</type>
		<category>Custom Variables</category>
		<name>Custom Variable name (scope visit) 3</name>
		<segment>customVariableName3</segment>
	</row>
	<row>
		<type>dimension</type>
		<category>Custom Variables</category>
		<name>Custom Variable name (scope visit) 4</name>
		<segment>customVariableName4</segment>
	</row>
	<row>
		<type>dimension</type>
		<category>Custom Variables</category>
		<name>Custom Variable name (scope visit) 5</name>
		<segment>customVariableName5</segment>
	</row>
	<row>
		<type>dimension</type>
		<category>Custom Variables</category>
		<name>Custom Variable value (scope page) 1</name>
		<segment>customVariablePageValue1</segment>
	</row>
	<row>
		<type>dimension</type>
		<category>Custom Variables</category>
		<name>Custom Variable value (scope page) 2</name>
		<segment>customVariablePageValue2</segment>
	</row>
	<row>
		<type>dimension</type>
		<category>Custom Variables</category>
		<name>Custom Variable value (scope page) 3</name>
		<segment>customVariablePageValue3</segment>
	</row>
	<row>
		<type>dimension</type>
		<category>Custom Variables</category>
		<name>Custom Variable value (scope page) 4</name>
		<segment>customVariablePageValue4</segment>
	</row>
	<row>
		<type>dimension</type>
		<category>Custom Variables</category>
		<name>Custom Variable value (scope page) 5</name>
		<segment>customVariablePageValue5</segment>
	</row>
	<row>
		<type>dimension</type>
		<category>Custom Variables</category>
		<name>Custom Variable value (scope visit) 1</name>
		<segment>customVariableValue1</segment>
	</row>
	<row>
		<type>dimension</type>
		<category>Custom Variables</category>
		<name>Custom Variable value (scope visit) 2</name>
		<segment>customVariableValue2</segment>
	</row>
	<row>
		<type>dimension</type>
		<category>Custom Variables</category>
		<name>Custom Variable value (scope visit) 3</name>
		<segment>customVariableValue3</segment>
	</row>
	<row>
		<type>dimension</type>
		<category>Custom Variables</category>
		<name>Custom Variable value (scope visit) 4</name>
		<segment>customVariableValue4</segment>
	</row>
	<row>
		<type>dimension</type>
		<category>Custom Variables</category>
		<name>Custom Variable value (scope visit) 5</name>
		<segment>customVariableValue5</segment>
	</row>
	<row>
		<type>dimension</type>
		<category>Actions</category>
		<name>Entry Page URL</name>
		<segment>entryPageUrl</segment>
	</row>
	<row>
		<type>dimension</type>
		<category>Actions</category>
		<name>Entry Page title</name>
		<segment>entryPageTitle</segment>
	</row>
	<row>
		<type>dimension</type>
		<category>Actions</category>
		<name>Exit Page Title</name>
		<segment>exitPageTitle</segment>
	</row>
	<row>
		<type>dimension</type>
		<category>Actions</category>
		<name>Exit Page URL</name>
		<segment>exitPageUrl</segment>
	</row>
	<row>
		<type>dimension</type>
		<category>Actions</category>
		<name>Page Name</name>
		<segment>pageTitle</segment>
	</row>
	<row>
		<type>dimension</type>
		<category>Actions</category>
		<name>Page URL</name>
		<segment>pageUrl</segment>
	</row>
</result>