<?xml version="1.0" encoding="utf-8" ?>
<result>
	<Goal_nb_conversions>0</Goal_nb_conversions>
	<Goal_conversion_rate>0</Goal_conversion_rate>
	<Goal_revenue>0</Goal_revenue>
</result>