<?xml version="1.0" encoding="utf-8" ?>
<result>
	<Goal_nb_conversions>2</Goal_nb_conversions>
	<Goal_conversion_rate>100</Goal_conversion_rate>
	<Goal_revenue>43</Goal_revenue>
</result>