<?xml version="1.0" encoding="utf-8" ?>
<results>
	<result idSite="1">
		<bounce_count>1</bounce_count>
		<max_actions>1</max_actions>
		<nb_actions>1</nb_actions>
		<nb_pageviews>2</nb_pageviews>
		<nb_uniq_pageviews>2</nb_uniq_pageviews>
		<nb_uniq_visitors>1</nb_uniq_visitors>
		<nb_visits>1</nb_visits>
		<nb_visits_converted>1</nb_visits_converted>
		<bounce_rate>100%</bounce_rate>
		<nb_actions_per_visit>1</nb_actions_per_visit>
		<avg_time_on_site>0</avg_time_on_site>
	</result>
	<result idSite="2" />
</results>