<?xml version="1.0" encoding="utf-8" ?>
<result>
	<nb_visits_returning>4</nb_visits_returning>
	<nb_actions_returning>5</nb_actions_returning>
	<max_actions_returning>2</max_actions_returning>
	<sum_visit_length_returning>361</sum_visit_length_returning>
	<bounce_count_returning>3</bounce_count_returning>
	<nb_visits_converted_returning>0</nb_visits_converted_returning>
	<bounce_rate_returning>75%</bounce_rate_returning>
	<nb_actions_per_visit_returning>1.3</nb_actions_per_visit_returning>
	<avg_time_on_site_returning>90</avg_time_on_site_returning>
</result>