<?xml version="1.0" encoding="utf-8" ?>
<results>
	<result date="2010-01-03">
		<nb_conversions>2</nb_conversions>
		<nb_visits_converted>1</nb_visits_converted>
		<conversion_rate>100</conversion_rate>
	</result>
	<result date="2010-01-04">
		<nb_visits_converted>1</nb_visits_converted>
		<conversion_rate>100</conversion_rate>
	</result>
	<result date="2010-01-05">
		<nb_conversions>1</nb_conversions>
		<nb_visits_converted>1</nb_visits_converted>
		<conversion_rate>100</conversion_rate>
	</result>
	<result date="2010-01-06" />
	<result date="2010-01-07" />
	<result date="2010-01-08" />
	<result date="2010-01-09" />
</results>