<?xml version="1.0" encoding="utf-8" ?>
<results>
	<result idSite="1">
		<bounce_count>1</bounce_count>
		<max_actions>5</max_actions>
		<nb_actions>8</nb_actions>
		<nb_pageviews>8</nb_pageviews>
		<nb_uniq_pageviews>6</nb_uniq_pageviews>
		<nb_uniq_visitors>2</nb_uniq_visitors>
		<nb_visits>3</nb_visits>
		<sum_visit_length>1262</sum_visit_length>
		<bounce_rate>33%</bounce_rate>
		<nb_actions_per_visit>2.7</nb_actions_per_visit>
		<avg_time_on_site>421</avg_time_on_site>
	</result>
	<result idSite="2">
		<max_actions>2</max_actions>
		<nb_actions>2</nb_actions>
		<nb_pageviews>2</nb_pageviews>
		<nb_uniq_pageviews>2</nb_uniq_pageviews>
		<nb_uniq_visitors>1</nb_uniq_visitors>
		<nb_visits>1</nb_visits>
		<sum_visit_length>1</sum_visit_length>
		<bounce_rate>0%</bounce_rate>
		<nb_actions_per_visit>2</nb_actions_per_visit>
		<avg_time_on_site>1</avg_time_on_site>
	</result>
</results>