<div id='leftcolumn'>
<div class="sparkline">
<img class="sparkline" alt="" src="?viewDataTable=sparkline&action=getEvolutionGraph&module=VisitsSummary&columns=nb_visits,nb_uniq_visitors&date=2009-12-05,2010-01-03" width="100" height="25" /> 
<strong>1</strong> visits, 
<strong>1</strong> unique visitors	</div>
<div class="sparkline">
<img class="sparkline" alt="" src="?viewDataTable=sparkline&action=getEvolutionGraph&module=VisitsSummary&columns=avg_time_on_site&date=2009-12-05,2010-01-03" width="100" height="25" /> 
<strong>0s</strong> average visit duration
</div>
<div class="sparkline">
<img class="sparkline" alt="" src="?viewDataTable=sparkline&action=getEvolutionGraph&module=VisitsSummary&columns=bounce_rate&date=2009-12-05,2010-01-03" width="100" height="25" /> 
<strong>100%</strong> visits have bounced (left the website after one page)
</div>
<div class="sparkline">
<img class="sparkline" alt="" src="?viewDataTable=sparkline&action=getEvolutionGraph&module=VisitsSummary&columns=nb_actions_per_visit&date=2009-12-05,2010-01-03" width="100" height="25" /> 
<strong>1</strong> actions (page views, downloads and outlinks) per visit
</div>
</div>
<div id='rightcolumn'>
<div class="sparkline">
<img class="sparkline" alt="" src="?viewDataTable=sparkline&action=getEvolutionGraph&module=VisitsSummary&columns=nb_pageviews,nb_uniq_pageviews&date=2009-12-05,2010-01-03" width="100" height="25" /> 
<strong>2</strong> pageviews, 
<strong>2</strong> unique pageviews
</div>
<div class="sparkline">
<img class="sparkline" alt="" src="?viewDataTable=sparkline&action=getEvolutionGraph&module=VisitsSummary&columns=nb_downloads,nb_uniq_downloads&date=2009-12-05,2010-01-03" width="100" height="25" /> 
<strong>0</strong> downloads,
<strong>0</strong> unique downloads
</div>
<div class="sparkline">
<img class="sparkline" alt="" src="?viewDataTable=sparkline&action=getEvolutionGraph&module=VisitsSummary&columns=nb_outlinks,nb_uniq_outlinks&date=2009-12-05,2010-01-03" width="100" height="25" /> 
<strong>0</strong> outlinks, 
<strong>0</strong> unique outlinks
</div>
<div class="sparkline">
<img class="sparkline" alt="" src="?viewDataTable=sparkline&action=getEvolutionGraph&module=VisitsSummary&columns=max_actions&date=2009-12-05,2010-01-03" width="100" height="25" /> 
<strong>1</strong> max actions in one visit
</div>
</div>
<div style="clear:both;"></div>
<script type="text/javascript">
	$(document).ready(function() {
		initializeSparklines();
	});
</script>