<div id='SeoRanks'>
<script type="text/javascript" src="plugins/SEO/templates/rank.js?cb=d269fbd1ca401f064e0d1a07049472c3"></script>
<form method="post" style="padding: 8px;" >
<div align="left" class="mediumtext">
Website URL 
<input type="text" id="seoUrl" size="30" value="piwik.net" class="textbox" />
<span style="padding-left:2px;"> 
<input type="submit" id="rankbutton" value="Rank" />
</span>
</div>
<div id="ajaxLoadingSEO" style="display:none"><div class="loadingPiwik"><img src="themes/default/images/loading-blue.gif" alt="" /> Loading data... </div></div>
<div id="rankStats" align="left" style='margin-top:10px'>
SEO Rankings for <a href='piwik.net' target='_blank'>piwik.net</a>
<table cellspacing='2' style='margin:auto;line-height:1.5em;padding-top:10px'>
<tr>
<td><img style='vertical-align:middle;margin-right:6px;' src='plugins/Referers/images/searchEngines/google.com.png' border='0' alt="Google PageRank"> Google PageRank
</td><td>
<div style='margin-left:15px'>
0		   					 /10 
</div>	
</td>
</tr>
<tr>
<td><img style='vertical-align:middle;margin-right:6px;' src='plugins/Referers/images/searchEngines/alexa.com.png' border='0' alt="Alexa Rank"> Alexa Rank
</td><td>
<div style='margin-left:15px'>
-		   						   					</div>	
</td>
</tr>
<tr>
<td><img style='vertical-align:middle;margin-right:6px;' src='plugins/SEO/images/whois.png' border='0' alt="Domain Age"> Domain Age
</td><td>
<div style='margin-left:15px'>
4&nbsp;years&nbsp;202&nbsp;days		   						   					</div>	
</td>
</tr>
</table>
</div>
</form>
</div>