<div id="ReferersgetRefererType">
<div class="reportDocumentation"><p>This table contains information about the distribution of the referrer types.<br /><b>Direct Entry:</b> A visitor has entered the URL in his browser and started browsing on your website - he entered the website directly.<br /><b>Search Engines:</b> A visitor was referred to your website by a search engine. <br /> See the &quot;Search Engines & Keywords&quot; report for more datils.<br /><b>Websites:</b> The visitor followed a link on antoher website that led to your site. <br /> See the &quot;Websites&quot; report for more details.<br /><b>Campaigns:</b> Visitors that came to your website as the result of a campaign. <br /> See the &quot;Campaigns&quot; report for more details.</p></div>
<div class="dataTableAllColumnsWrapper">
<a name="ReferersgetRefererType"></a>
<table cellspacing="0" class="dataTable"> 
<thead>
<tr>
<th class="sortable first" id="label">
<div id="thDIV">Referrer Type</div>
</th>
<th class="sortable " id="nb_visits">
<div class="columnDocumentation">
<div class="columnDocumentationTitle">
Visits
</div>
If a visitor comes to your website for the first time or if he visits a page more than 30 minutes after his last page view, this will be recorded as a new visit.
</div>
<div id="thDIV">Visits</div>
</th>
<th class="sortable " id="nb_uniq_visitors">
<div class="columnDocumentation">
<div class="columnDocumentationTitle">
Unique visitors
</div>
The number of unduplicated visitors coming to your website. Every user is only counted once, even if he visits the website multiple times a day.
</div>
<div id="thDIV">Unique visitors</div>
</th>
<th class="sortable " id="nb_actions">
<div class="columnDocumentation">
<div class="columnDocumentationTitle">
Actions
</div>
The number of actions performed by your visitors. Actions can be page views, downloads or outlinks.
</div>
<div id="thDIV">Actions</div>
</th>
<th class="sortable " id="nb_actions_per_visit">
<div class="columnDocumentation">
<div class="columnDocumentationTitle">
Actions per Visit
</div>
The average number of actions (page views, downloads or outlinks) that were performed during the visits.
</div>
<div id="thDIV">Actions per Visit</div>
</th>
<th class="sortable " id="avg_time_on_site">
<div class="columnDocumentation">
<div class="columnDocumentationTitle">
Avg. Time on Website
</div>
The average duration of a visit.
</div>
<div id="thDIV">Avg. Time on Website</div>
</th>
<th class="sortable last" id="bounce_rate">
<div class="columnDocumentation">
<div class="columnDocumentationTitle">
Bounce Rate
</div>
The percentage of visits that only had a single pageview. This means, that the visitor left the website directly from the entrance page.
</div>
<div id="thDIV">Bounce Rate</div>
</th>
</tr>
</thead>
<tbody>
<tr >
<td>
<span class='label'>	
Direct Entry</span>
</td>
<td>
1				</td>
<td>
1				</td>
<td>
1				</td>
<td>
1				</td>
<td>
0s				</td>
<td>
100%				</td>
</tr>
</tbody>
</table>
<div class="dataTableFeatures">
<span class="loadingPiwik" style='display:none'><img src="themes/default/images/loading-blue.gif" /> Loading data...</span>
<div class="dataTableFooterIcons">
<div class="dataTableFooterWrap" var="tableAllColumns">
<img src="themes/default/images/data_table_footer_active_item.png" class="dataTableFooterActiveItem" />
<div class="tableIconsGroup">
<span class="tableAllColumnsSwitch">
<a class="tableIcon" format="table" var="table"><img title="Display simple table" src="themes/default/images/table.png" /></a>
<a class="tableIcon" format="tableAllColumns" var="tableAllColumns"><img title="Display a table with more metrics" src="themes/default/images/table_more.png" /></a>
<a class="tableIcon" format="tableGoals" var="tableGoals"><img title="Display a table with Goals metrics" src="themes/default/images/goal.png" /></a>
</span>
</div>
<div class="tableIconsGroup">
<span class="tableGraphViews tableGraphCollapsed">
<a class="tableIcon" format="graphVerticalBar" var="generateDataChartVerticalBar"><img width="16" height="16" src="themes/default/images/chart_bar.png" title="Vertical bar graph" /></a>                    <a class="tableIcon" format="graphPie" var="generateDataChartPie"><img width="16" height="16" src="themes/default/images/chart_pie.png" title="Piechart" /></a>                    <a class="tableIcon" format="cloud" var="cloud"><img width="16" height="16" src="themes/default/images/tagcloud.png" title="Tag Cloud" /></a>				</span>
</div>
<div class="tableIconsGroup">
<span class="exportToFormatIcons"><a class="tableIcon" var="export"><img width="16" height="16" src="themes/default/images/export.png" title="Export this dataset in other formats" /></a></span>
<span class="exportToFormatItems" style="display:none"> 
Export: 
<a target="_blank" methodToCall="Referers.getRefererType" format="CSV" filter_limit="100">CSV</a> | 
<a target="_blank" methodToCall="Referers.getRefererType" format="TSV" filter_limit="100">TSV (Excel)</a> | 
<a target="_blank" methodToCall="Referers.getRefererType" format="XML" filter_limit="100">XML</a> |
<a target="_blank" methodToCall="Referers.getRefererType" format="JSON" filter_limit="100">Json</a> |
<a target="_blank" methodToCall="Referers.getRefererType" format="PHP" filter_limit="100">Php</a>
| <a target="_blank" methodToCall="Referers.getRefererType" format="RSS" filter_limit="100" date="last10"><img border="0" src="themes/default/images/feed.png" /></a>
</span>
</div>
</div>
<span class="dataTableExcludeLowPopulation"></span>
</div>
</div>
<div class="dataTableSpacer"></div>				<script type="text/javascript" defer="defer">
$(document).ready(function(){ 
	dataTables['ReferersgetRefererType'] = new dataTable();
	dataTables['ReferersgetRefererType'].param = { 
			'idGoal': '-1' ,			'filter_sort_order': 'desc' ,			'filter_offset': '0' ,			'date': '2010-01-03 11:22:33' ,			'period': 'day' ,			'idSite': '1' ,			'module': 'Referers' ,			'action': 'getRefererType' ,			'enable_sort': '1' ,			'filter_sort_column': 'nb_visits' ,			'filter_limit': '10' ,			'viewDataTable': 'tableAllColumns' ,			'controllerActionCalledWhenRequestSubTable': '' ,			'totalRows': '1' 		};
	dataTables['ReferersgetRefererType'].init('ReferersgetRefererType');
});
</script>		</div>
</div>