<?xml version="1.0" encoding="utf-8" ?>
<results>
	<result date="2010-12-10" />
	<result date="2010-12-11" />
	<result date="2010-12-12" />
	<result date="2010-12-13" />
	<result date="2010-12-14">
		<row>
			<label>Piwik test</label>
			<nb_actions>3</nb_actions>
			<nb_visits>2</nb_visits>
			<visits_evolution>100%</visits_evolution>
			<actions_evolution>100%</actions_evolution>
			<idsite>1</idsite>
		</row>
	</result>
	<result date="2010-12-15">
		<row>
			<label>Piwik test</label>
			<nb_actions>3</nb_actions>
			<nb_visits>2</nb_visits>
			<visits_evolution>0%</visits_evolution>
			<actions_evolution>0%</actions_evolution>
			<idsite>1</idsite>
		</row>
	</result>
	<result date="2010-12-16" />
</results>