<?xml version="1.0" encoding="utf-8" ?>
<results>
	<result date="From 2009-12-28 to 2010-01-03">
		<bounce_count>1</bounce_count>
		<max_actions>1</max_actions>
		<nb_actions>1</nb_actions>
		<nb_uniq_visitors>1</nb_uniq_visitors>
		<nb_visits>1</nb_visits>
		<bounce_rate>100%</bounce_rate>
		<nb_actions_per_visit>1</nb_actions_per_visit>
		<avg_time_on_site>0</avg_time_on_site>
	</result>
	<result date="From 2010-01-04 to 2010-01-10">
		<max_actions>5</max_actions>
		<nb_actions>7</nb_actions>
		<nb_uniq_visitors>2</nb_uniq_visitors>
		<nb_visits>2</nb_visits>
		<sum_visit_length>1262</sum_visit_length>
		<bounce_rate>0%</bounce_rate>
		<nb_actions_per_visit>3.5</nb_actions_per_visit>
		<avg_time_on_site>631</avg_time_on_site>
	</result>
	<result date="From 2010-01-11 to 2010-01-17" />
	<result date="From 2010-01-18 to 2010-01-24" />
	<result date="From 2010-01-25 to 2010-01-31" />
	<result date="From 2010-02-01 to 2010-02-07" />
	<result date="From 2010-02-08 to 2010-02-14" />
</results>