<div id="VisitorInterestgetNumberOfVisitsPerVisitDuration">
<div class="reportDocumentation"><p>In this report, you can see how many visits had a certain total duration. Initially, the report is shown as a tag cloud, more common durations are displayed in a larger font.<br />Please note, that you can view the report in other ways than as a tag cloud. Use the controls at the bottom of the report to do so.</p></div>
<div class="tagCloud">
<span title="0-30s (1 Visits)" class="word size0  ">
0-30s</span>
<span title="30-60s (0 Visits)" class="word size6  valueIsZero">
30-60s</span>
<span title="1-2 min (0 Visits)" class="word size6  valueIsZero">
1-2 min</span>
<span title="2-4 min (0 Visits)" class="word size6  valueIsZero">
2-4 min</span>
<span title="4-6 min (0 Visits)" class="word size6  valueIsZero">
4-6 min</span>
<span title="6-8 min (0 Visits)" class="word size6  valueIsZero">
6-8 min</span>
<span title="8-11 min (0 Visits)" class="word size6  valueIsZero">
8-11 min</span>
<span title="11-15 min (0 Visits)" class="word size6  valueIsZero">
11-15 min</span>
<span title="16+ min (0 Visits)" class="word size6  valueIsZero">
16+ min</span>
</div>
<div class="dataTableFeatures">
<span class="loadingPiwik" style='display:none'><img src="themes/default/images/loading-blue.gif" /> Loading data...</span>
<div class="dataTableFooterIcons">
<div class="dataTableFooterWrap" var="cloud">
<img src="themes/default/images/data_table_footer_active_item.png" class="dataTableFooterActiveItem" />
<div class="tableIconsGroup">
<span class="tableAllColumnsSwitch">
<a class="tableIcon" format="table" var="table"><img title="Display simple table" src="themes/default/images/table.png" /></a>
</span>
</div>
<div class="tableIconsGroup">
<span class="tableGraphViews tableGraphCollapsed">
<a class="tableIcon" format="graphVerticalBar" var="generateDataChartVerticalBar"><img width="16" height="16" src="themes/default/images/chart_bar.png" title="Vertical bar graph" /></a>                    <a class="tableIcon" format="graphPie" var="generateDataChartPie"><img width="16" height="16" src="themes/default/images/chart_pie.png" title="Piechart" /></a>                    <a class="tableIcon" format="cloud" var="cloud"><img width="16" height="16" src="themes/default/images/tagcloud.png" title="Tag Cloud" /></a>				</span>
</div>
<div class="tableIconsGroup">
<span class="exportToFormatIcons"><a class="tableIcon" var="export"><img width="16" height="16" src="themes/default/images/export.png" title="Export this dataset in other formats" /></a></span>
<span class="exportToFormatItems" style="display:none"> 
Export: 
<a target="_blank" methodToCall="VisitorInterest.getNumberOfVisitsPerVisitDuration" format="CSV" filter_limit="100">CSV</a> | 
<a target="_blank" methodToCall="VisitorInterest.getNumberOfVisitsPerVisitDuration" format="TSV" filter_limit="100">TSV (Excel)</a> | 
<a target="_blank" methodToCall="VisitorInterest.getNumberOfVisitsPerVisitDuration" format="XML" filter_limit="100">XML</a> |
<a target="_blank" methodToCall="VisitorInterest.getNumberOfVisitsPerVisitDuration" format="JSON" filter_limit="100">Json</a> |
<a target="_blank" methodToCall="VisitorInterest.getNumberOfVisitsPerVisitDuration" format="PHP" filter_limit="100">Php</a>
| <a target="_blank" methodToCall="VisitorInterest.getNumberOfVisitsPerVisitDuration" format="RSS" filter_limit="100" date="last10"><img border="0" src="themes/default/images/feed.png" /></a>
</span>
</div>
</div>
</div>
</div>
<div class="dataTableSpacer"></div>		<script type="text/javascript" defer="defer">
$(document).ready(function(){ 
	dataTables['VisitorInterestgetNumberOfVisitsPerVisitDuration'] = new dataTable();
	dataTables['VisitorInterestgetNumberOfVisitsPerVisitDuration'].param = { 
			'idGoal': '-1' ,			'filter_sort_order': 'asc' ,			'filter_offset': '0' ,			'date': '2010-01-03 11:22:33' ,			'period': 'day' ,			'idSite': '1' ,			'module': 'VisitorInterest' ,			'action': 'getNumberOfVisitsPerVisitDuration' ,			'filter_sort_column': 'label' ,			'enable_sort': 'false' ,			'filter_limit': '30' ,			'viewDataTable': 'cloud' ,			'controllerActionCalledWhenRequestSubTable': '' ,			'totalRows': '9' 		};
	dataTables['VisitorInterestgetNumberOfVisitsPerVisitDuration'].init('VisitorInterestgetNumberOfVisitsPerVisitDuration');
});
</script></div>