<?xml version="1.0" encoding="utf-8" ?>
<results>
	<result idSite="1">
		<result date="2009-12-28 to 2010-01-03">
			<bounce_count>1</bounce_count>
			<max_actions>3</max_actions>
			<nb_actions>4</nb_actions>
			<nb_outlinks>1</nb_outlinks>
			<nb_pageviews>3</nb_pageviews>
			<nb_uniq_outlinks>1</nb_uniq_outlinks>
			<nb_uniq_pageviews>2</nb_uniq_pageviews>
			<nb_uniq_visitors>2</nb_uniq_visitors>
			<nb_visits>3</nb_visits>
			<nb_visits_converted>2</nb_visits_converted>
			<sum_visit_length>364</sum_visit_length>
			<bounce_rate>33%</bounce_rate>
			<nb_actions_per_visit>1.3</nb_actions_per_visit>
			<avg_time_on_site>121</avg_time_on_site>
		</result>
		<result date="2010-01-04 to 2010-01-10" />
		<result date="2010-01-11 to 2010-01-17" />
		<result date="2010-01-18 to 2010-01-24" />
		<result date="2010-01-25 to 2010-01-31" />
		<result date="2010-02-01 to 2010-02-07" />
		<result date="2010-02-08 to 2010-02-14" />
	</result>
</results>