<?xml version="1.0" encoding="utf-8" ?>
<results>
	<result idSite="1">
		<result date="2010">
			<bounce_count>2</bounce_count>
			<max_actions>2</max_actions>
			<nb_actions>4</nb_actions>
			<nb_uniq_visitors>3</nb_uniq_visitors>
			<nb_visits>3</nb_visits>
			<sum_visit_length>360</sum_visit_length>
			<bounce_rate>67%</bounce_rate>
			<nb_actions_per_visit>1.3</nb_actions_per_visit>
			<avg_visit_length>120</avg_visit_length>
		</result>
		<result date="2011" />
		<result date="2012" />
		<result date="2013" />
		<result date="2014" />
		<result date="2015" />
		<result date="2016" />
	</result>
	<result idSite="2">
		<result date="2010">
			<bounce_count>1</bounce_count>
			<max_actions>1</max_actions>
			<nb_actions>1</nb_actions>
			<nb_uniq_visitors>1</nb_uniq_visitors>
			<nb_visits>1</nb_visits>
			<bounce_rate>100%</bounce_rate>
			<nb_actions_per_visit>1</nb_actions_per_visit>
			<avg_visit_length>0</avg_visit_length>
		</result>
		<result date="2011" />
		<result date="2012" />
		<result date="2013" />
		<result date="2014" />
		<result date="2015" />
		<result date="2016" />
	</result>
</results>