<?xml version="1.0" encoding="utf-8" ?>
<results>
	<result idSite="1">
		<result date="2010-01-03">
			<row>
				<label>VisitorType</label>
				<nb_uniq_visitors>2</nb_uniq_visitors>
				<nb_visits>2</nb_visits>
				<nb_actions>4</nb_actions>
				<max_actions>3</max_actions>
				<sum_visit_length>720</sum_visit_length>
				<bounce_count>1</bounce_count>
				<nb_visits_converted>2</nb_visits_converted>
				<subtable>
					<row>
						<label>LoggedOut</label>
						<nb_uniq_visitors>1</nb_uniq_visitors>
						<nb_visits>1</nb_visits>
						<nb_actions>1</nb_actions>
						<max_actions>1</max_actions>
						<sum_visit_length>0</sum_visit_length>
						<bounce_count>1</bounce_count>
						<nb_visits_converted>1</nb_visits_converted>
					</row>
					<row>
						<label>LoggedIn</label>
						<nb_uniq_visitors>1</nb_uniq_visitors>
						<nb_visits>1</nb_visits>
						<nb_actions>3</nb_actions>
						<max_actions>3</max_actions>
						<sum_visit_length>720</sum_visit_length>
						<bounce_count>0</bounce_count>
						<nb_visits_converted>1</nb_visits_converted>
					</row>
				</subtable>
			</row>
			<row>
				<label>Othercustom value which should be truncated abcdef</label>
				<nb_uniq_visitors>1</nb_uniq_visitors>
				<nb_visits>1</nb_visits>
				<nb_actions>1</nb_actions>
				<max_actions>1</max_actions>
				<sum_visit_length>0</sum_visit_length>
				<bounce_count>1</bounce_count>
				<nb_visits_converted>1</nb_visits_converted>
				<subtable>
					<row>
						<label>abcdefghijklmnopqrstuvwxyzabcdefghijklmnopqrstuvwx</label>
						<nb_uniq_visitors>1</nb_uniq_visitors>
						<nb_visits>1</nb_visits>
						<nb_actions>1</nb_actions>
						<max_actions>1</max_actions>
						<sum_visit_length>0</sum_visit_length>
						<bounce_count>1</bounce_count>
						<nb_visits_converted>1</nb_visits_converted>
					</row>
				</subtable>
			</row>
		</result>
		<result date="2010-01-04" />
		<result date="2010-01-05" />
		<result date="2010-01-06" />
		<result date="2010-01-07" />
		<result date="2010-01-08" />
		<result date="2010-01-09" />
	</result>
</results>