<?xml version="1.0" encoding="utf-8" ?>
<results>
	<result idSite="1">
		<result date="2010-01">
			<row>
				<label>/mailto:test@example.org</label>
				<nb_visits>1</nb_visits>
				<nb_hits>1</nb_hits>
				<sum_time_spent>180</sum_time_spent>
				<sum_daily_nb_uniq_visitors>1</sum_daily_nb_uniq_visitors>
				<url>mailto:test@example.org</url>
			</row>
			<row>
				<label>mailto:test@example.org</label>
				<nb_visits>1</nb_visits>
				<nb_hits>1</nb_hits>
				<sum_time_spent>0</sum_time_spent>
				<exit_nb_visits>1</exit_nb_visits>
				<subtable>
					<row>
						<label>/strangelink</label>
						<nb_visits>1</nb_visits>
						<nb_hits>1</nb_hits>
						<sum_time_spent>0</sum_time_spent>
						<exit_nb_visits>1</exit_nb_visits>
						<sum_daily_nb_uniq_visitors>1</sum_daily_nb_uniq_visitors>
						<sum_daily_exit_nb_uniq_visitors>1</sum_daily_exit_nb_uniq_visitors>
						<url>mailto:test@example.org/strangelink</url>
					</row>
				</subtable>
			</row>
		</result>
		<result date="2010-02" />
		<result date="2010-03" />
		<result date="2010-04" />
		<result date="2010-05" />
		<result date="2010-06" />
		<result date="2010-07" />
	</result>
	<result idSite="2">
		<result date="2010-01" />
		<result date="2010-02" />
		<result date="2010-03" />
		<result date="2010-04" />
		<result date="2010-05" />
		<result date="2010-06" />
		<result date="2010-07" />
	</result>
</results>