<a name="evolutionGraph" graphId="VisitsSummarygetEvolutionGraph"></a>
<h2>Evolution over the last days</h2>
<div id="VisitsSummarygetEvolutionGraph">
<div class="reportDocumentation"><p>This is an overview of the visit evolution.<br />It is broken down into various reports, which are displayed in sparklines at the bottom of the page. You can enlarge the graphs by clicking on the report you'd like to see.<br /><br /><b>Visits:</b> If a visitor comes to your website for the first time or if he visits a page more than 30 minutes after his last page view, this will be recorded as a new visit.<br /><b>Unique visitors:</b> The number of unduplicated visitors coming to your website. Every user is only counted once, even if he visits the website multiple times a day.<br /><b>Actions:</b> The number of actions performed by your visitors. Actions can be page views, downloads or outlinks.<br /><b>Actions per Visit:</b> The average number of actions (page views, downloads or outlinks) that were performed during the visits.</p></div>
<div class="dataTableGraphEvolutionWrapper">
<div class="jqplot-evolution" style="padding-left: 6px;">
<div id="VisitsSummarygetEvolutionGraphChart" class="piwik-graph" style="position: relative; width: 100%; height: 170px;"></div>
</div>
<script type="text/javascript">
			  window.setTimeout(function() {  
				var plot = new JQPlot({"params":{"axes":{"xaxis":{"ticks":["Sat 5 Dec"," "," "," "," "," "," ","Sat 12 Dec"," "," "," "," "," "," ","Sat 19 Dec"," "," "," "," "," "," ","Sat 26 Dec"," "," "," "," "," "," ","Sat 2 Jan"," "],"onclick":["index.php?module=CoreHome&action=index&idSite=1&period=day&date=2009-12-05","index.php?module=CoreHome&action=index&idSite=1&period=day&date=2009-12-06","index.php?module=CoreHome&action=index&idSite=1&period=day&date=2009-12-07","index.php?module=CoreHome&action=index&idSite=1&period=day&date=2009-12-08","index.php?module=CoreHome&action=index&idSite=1&period=day&date=2009-12-09","index.php?module=CoreHome&action=index&idSite=1&period=day&date=2009-12-10","index.php?module=CoreHome&action=index&idSite=1&period=day&date=2009-12-11","index.php?module=CoreHome&action=index&idSite=1&period=day&date=2009-12-12","index.php?module=CoreHome&action=index&idSite=1&period=day&date=2009-12-13","index.php?module=CoreHome&action=index&idSite=1&period=day&date=2009-12-14","index.php?module=CoreHome&action=index&idSite=1&period=day&date=2009-12-15","index.php?module=CoreHome&action=index&idSite=1&period=day&date=2009-12-16","index.php?module=CoreHome&action=index&idSite=1&period=day&date=2009-12-17","index.php?module=CoreHome&action=index&idSite=1&period=day&date=2009-12-18","index.php?module=CoreHome&action=index&idSite=1&period=day&date=2009-12-19","index.php?module=CoreHome&action=index&idSite=1&period=day&date=2009-12-20","index.php?module=CoreHome&action=index&idSite=1&period=day&date=2009-12-21","index.php?module=CoreHome&action=index&idSite=1&period=day&date=2009-12-22","index.php?module=CoreHome&action=index&idSite=1&period=day&date=2009-12-23","index.php?module=CoreHome&action=index&idSite=1&period=day&date=2009-12-24","index.php?module=CoreHome&action=index&idSite=1&period=day&date=2009-12-25","index.php?module=CoreHome&action=index&idSite=1&period=day&date=2009-12-26","index.php?module=CoreHome&action=index&idSite=1&period=day&date=2009-12-27","index.php?module=CoreHome&action=index&idSite=1&period=day&date=2009-12-28","index.php?module=CoreHome&action=index&idSite=1&period=day&date=2009-12-29","index.php?module=CoreHome&action=index&idSite=1&period=day&date=2009-12-30","index.php?module=CoreHome&action=index&idSite=1&period=day&date=2009-12-31","index.php?module=CoreHome&action=index&idSite=1&period=day&date=2010-01-01","index.php?module=CoreHome&action=index&idSite=1&period=day&date=2010-01-02","index.php?module=CoreHome&action=index&idSite=1&period=day&date=2010-01-03"],"labels":["Sat 5 Dec","Sun 6 Dec","Mon 7 Dec","Tue 8 Dec","Wed 9 Dec","Thu 10 Dec","Fri 11 Dec","Sat 12 Dec","Sun 13 Dec","Mon 14 Dec","Tue 15 Dec","Wed 16 Dec","Thu 17 Dec","Fri 18 Dec","Sat 19 Dec","Sun 20 Dec","Mon 21 Dec","Tue 22 Dec","Wed 23 Dec","Thu 24 Dec","Fri 25 Dec","Sat 26 Dec","Sun 27 Dec","Mon 28 Dec","Tue 29 Dec","Wed 30 Dec","Thu 31 Dec","Fri 1 Jan","Sat 2 Jan","Sun 3 Jan"]},"yaxis":{"tickOptions":{"formatString":"%s"}}},"series":[{"label":"Visits","internalLabel":"Visits","yaxis":"yaxis"}],"seriesColors":["#5170AE","#F29007","#CC3399","#9933CC","#80a033","#246AD2","#FD16EA","#49C100"]},"data":[[0,0,0,0,0,0,0,0,0,0,0,0,0,0,0,0,0,0,0,0,0,0,0,0,0,0,0,0,0,1]],"tooltip":{"yUnits":[""]},"seriesPicker":{"selectableColumns":[{"column":"nb_visits","translation":"Visits","displayed":true},{"column":"nb_uniq_visitors","translation":"Unique visitors","displayed":false},{"column":"avg_time_on_site","translation":"Avg. Time on Website","displayed":false},{"column":"bounce_rate","translation":"Bounce Rate","displayed":false},{"column":"nb_actions_per_visit","translation":"Actions per Visit","displayed":false},{"column":"max_actions","translation":"Maximum actions in one visit","displayed":false},{"column":"nb_visits_converted","translation":"Visits with Conversions","displayed":false},{"column":"nb_pageviews","translation":"Pageviews","displayed":false},{"column":"nb_uniq_pageviews","translation":"Unique Pageviews","displayed":false},{"column":"nb_downloads","translation":"Downloads","displayed":false},{"column":"nb_uniq_downloads","translation":"Unique Downloads","displayed":false},{"column":"nb_outlinks","translation":"Outlinks","displayed":false},{"column":"nb_uniq_outlinks","translation":"Unique Outlinks","displayed":false}],"multiSelect":true}}, 'VisitsSummarygetEvolutionGraph');
				plot.render('evolution', 'VisitsSummarygetEvolutionGraphChart',  { 
					noData: 'No data for this graph.',
					exportTitle: 'Export as Image',
					exportText: 'To save the image on your computer, right click on the image and select \"Save Image As...\"',
					metricsToPlot: 'Metrics to plot',
					metricToPlot: 'Metric to plot',
					recordsToPlot: 'Records to plot'
				 }); 
			  }, 5);  
		</script>
<div class="dataTableFeatures">
<span class="loadingPiwik" style='display:none'><img src="themes/default/images/loading-blue.gif" /> Loading data...</span>
<div class="dataTableFooterIcons">
<div class="dataTableFooterWrap" var="generateDataChartEvolution">
<img src="themes/default/images/data_table_footer_active_item.png" class="dataTableFooterActiveItem" />
<div class="tableIconsGroup">
<span class="tableAllColumnsSwitch">
</span>
</div>
<div class="tableIconsGroup">
<span class="tableGraphViews">
<a class="tableIcon" format="graphEvolution" var="generateDataChartEvolution"><img width="16" height="16" src="themes/default/images/chart_bar.png" title="Vertical bar graph" /></a>
</span>
</div>
<div class="tableIconsGroup">
<span class="exportToFormatIcons"><a class="tableIcon" var="export"><img width="16" height="16" src="themes/default/images/export.png" title="Export this dataset in other formats" /></a></span>
<span class="exportToFormatItems" style="display:none"> 
Export: 
<a target="_blank" methodToCall="API.get" format="CSV" filter_limit="100">CSV</a> | 
<a target="_blank" methodToCall="API.get" format="TSV" filter_limit="100">TSV (Excel)</a> | 
<a target="_blank" methodToCall="API.get" format="XML" filter_limit="100">XML</a> |
<a target="_blank" methodToCall="API.get" format="JSON" filter_limit="100">Json</a> |
<a target="_blank" methodToCall="API.get" format="PHP" filter_limit="100">Php</a>
| <a target="_blank" methodToCall="API.get" format="RSS" filter_limit="100" date="last10"><img border="0" src="themes/default/images/feed.png" /></a>
</span>
<span id="dataTableFooterExportAsImageIcon">
<a class="tableIcon" href="#" onclick="$('#VisitsSummarygetEvolutionGraphChart').trigger('piwikExportAsImage'); return false;"><img title="Export as Image" src="themes/default/images/image.png" /></a>
</span>
</div>
</div>
</div>
</div>
<div class="dataTableSpacer"></div>		<script type="text/javascript" defer="defer">
$(document).ready(function(){ 
	dataTables['VisitsSummarygetEvolutionGraph'] = new dataTable();
	dataTables['VisitsSummarygetEvolutionGraph'].param = { 
			'viewDataTable': 'generateDataChartEvolution' ,			'module': 'VisitsSummary' ,			'action': 'getEvolutionGraph' ,			'date': '2009-12-05,2010-01-03' ,			'columns': 'nb_visits' ,			'idGoal': '-1' ,			'filter_sort_order': 'desc' ,			'filter_offset': '0' ,			'period': 'day' ,			'idSite': '1' ,			'controllerActionCalledWhenRequestSubTable': '' 		};
	dataTables['VisitsSummarygetEvolutionGraph'].init('VisitsSummarygetEvolutionGraph');
});
</script>		
</div>
</div>
<h2>Report</h2>
<div id='leftcolumn'>
<div class="sparkline">
<img class="sparkline" alt="" src="?viewDataTable=sparkline&action=getEvolutionGraph&module=VisitsSummary&columns=nb_visits,nb_uniq_visitors&date=2009-12-05,2010-01-03" width="100" height="25" /> 
<strong>1</strong> visits, 
<strong>1</strong> unique visitors	</div>
<div class="sparkline">
<img class="sparkline" alt="" src="?viewDataTable=sparkline&action=getEvolutionGraph&module=VisitsSummary&columns=avg_time_on_site&date=2009-12-05,2010-01-03" width="100" height="25" /> 
<strong>0s</strong> average visit duration
</div>
<div class="sparkline">
<img class="sparkline" alt="" src="?viewDataTable=sparkline&action=getEvolutionGraph&module=VisitsSummary&columns=bounce_rate&date=2009-12-05,2010-01-03" width="100" height="25" /> 
<strong>100%</strong> visits have bounced (left the website after one page)
</div>
<div class="sparkline">
<img class="sparkline" alt="" src="?viewDataTable=sparkline&action=getEvolutionGraph&module=VisitsSummary&columns=nb_actions_per_visit&date=2009-12-05,2010-01-03" width="100" height="25" /> 
<strong>1</strong> actions (page views, downloads and outlinks) per visit
</div>
</div>
<div id='rightcolumn'>
<div class="sparkline">
<img class="sparkline" alt="" src="?viewDataTable=sparkline&action=getEvolutionGraph&module=VisitsSummary&columns=nb_pageviews,nb_uniq_pageviews&date=2009-12-05,2010-01-03" width="100" height="25" /> 
<strong>2</strong> pageviews, 
<strong>2</strong> unique pageviews
</div>
<div class="sparkline">
<img class="sparkline" alt="" src="?viewDataTable=sparkline&action=getEvolutionGraph&module=VisitsSummary&columns=nb_downloads,nb_uniq_downloads&date=2009-12-05,2010-01-03" width="100" height="25" /> 
<strong>0</strong> downloads,
<strong>0</strong> unique downloads
</div>
<div class="sparkline">
<img class="sparkline" alt="" src="?viewDataTable=sparkline&action=getEvolutionGraph&module=VisitsSummary&columns=nb_outlinks,nb_uniq_outlinks&date=2009-12-05,2010-01-03" width="100" height="25" /> 
<strong>0</strong> outlinks, 
<strong>0</strong> unique outlinks
</div>
<div class="sparkline">
<img class="sparkline" alt="" src="?viewDataTable=sparkline&action=getEvolutionGraph&module=VisitsSummary&columns=max_actions&date=2009-12-05,2010-01-03" width="100" height="25" /> 
<strong>1</strong> max actions in one visit
</div>
</div>
<div style="clear:both;"></div>
<script type="text/javascript">
	$(document).ready(function() {
		initializeSparklines();
	});
</script>