<?xml version="1.0" encoding="utf-8" ?>
<result>
	<row>
		<label>1024x768</label>
		<nb_visits>6</nb_visits>
		<nb_actions>9</nb_actions>
		<max_actions>2</max_actions>
		<sum_visit_length>1080</sum_visit_length>
		<bounce_count>3</bounce_count>
		<nb_visits_converted>0</nb_visits_converted>
		<sum_daily_nb_uniq_visitors>2</sum_daily_nb_uniq_visitors>
	</row>
</result>