<?xml version="1.0" encoding="utf-8" ?>
<results>
	<result date="2010-01-03" />
	<result date="2010-01-04" />
	<result date="2010-01-05">
		<row>
			<label>/mailto:test@example.org</label>
			<nb_visits>1</nb_visits>
			<nb_uniq_visitors>1</nb_uniq_visitors>
			<nb_hits>1</nb_hits>
			<sum_time_spent>180</sum_time_spent>
			<url>mailto:test@example.org</url>
		</row>
		<row>
			<label>mailto:test@example.org</label>
			<nb_visits>1</nb_visits>
			<nb_hits>1</nb_hits>
			<sum_time_spent>0</sum_time_spent>
			<subtable>
				<row>
					<label>/strangelink</label>
					<nb_visits>1</nb_visits>
					<nb_uniq_visitors>1</nb_uniq_visitors>
					<nb_hits>1</nb_hits>
					<sum_time_spent>0</sum_time_spent>
					<url>mailto:test@example.org/strangelink</url>
				</row>
			</subtable>
		</row>
	</result>
	<result date="2010-01-06" />
	<result date="2010-01-07" />
	<result date="2010-01-08" />
	<result date="2010-01-09" />
</results>