<table id="ExampleAPI_getDescriptionArray" border="1">
<thead>
	<tr>
		<th>value</th>
	</tr>
</thead>
<tbody>
	<tr>
		<td>piwik</td>
	</tr>
	<tr>
		<td>open source</td>
	</tr>
	<tr>
		<td>web analytics</td>
	</tr>
	<tr>
		<td>free</td>
	</tr>
	<tr>
		<td>Strong message: Свободный Тибет</td>
	</tr>
</tbody>
</table>
