{"Limitation":["Multi dimensional arrays is only supported by format=JSON","Known limitation"],"Second Dimension":[true,false,1,0,152,"test",{"42":"end"}]}