<?xml version="1.0" encoding="utf-8" ?>
<result>
	<success message="ok" />
</result>