<table id="ExampleAPI_getPiwikVersion" border="1">
<thead>
	<tr>
		<th>value</th>
	</tr>
</thead>
<tbody>
	<tr>
		<td>0.6.3</td>
	</tr>
</tbody>
</table>
