[["piwik"],["open source"],["web analytics"],["free"],["Strong message: \u0421\u0432\u043e\u0431\u043e\u0434\u043d\u044b\u0439 \u0422\u0438\u0431\u0435\u0442"]]